Flow report for toolflow
Thu May  4 11:11:24 2023
Quartus Prime Version 21.1.1 Build 850 06/23/2022 SJ Standard Edition


---------------------
; Table of Contents ;
---------------------
  1. Legal Notice
  2. Flow Summary
  3. Flow Settings
  4. Flow Non-Default Global Settings
  5. Flow Elapsed Time
  6. Flow OS Summary
  7. Flow Log
  8. Flow Messages
  9. Flow Suppressed Messages



----------------
; Legal Notice ;
----------------
Copyright (C) 2022  Intel Corporation. All rights reserved.
Your use of Intel Corporation's design tools, logic functions 
and other software and tools, and any partner logic 
functions, and any output files from any of the foregoing 
(including device programming or simulation files), and any 
associated documentation or information are expressly subject 
to the terms and conditions of the Intel Program License 
Subscription Agreement, the Intel Quartus Prime License Agreement,
the Intel FPGA IP License Agreement, or other applicable license
agreement, including, without limitation, that your use is for
the sole purpose of programming logic devices manufactured by
Intel and sold by Intel or its authorized distributors.  Please
refer to the applicable agreement for further details, at
https://fpgasoftware.intel.com/eula.



+--------------------------------------------------------------------------------------+
; Flow Summary                                                                         ;
+------------------------------------+-------------------------------------------------+
; Flow Status                        ; Successful - Thu May  4 11:11:21 2023           ;
; Quartus Prime Version              ; 21.1.1 Build 850 06/23/2022 SJ Standard Edition ;
; Revision Name                      ; toolflow                                        ;
; Top-level Entity Name              ; MIPS_processor                                  ;
; Family                             ; Cyclone IV E                                    ;
; Device                             ; EP4CE115F29C7                                   ;
; Timing Models                      ; Final                                           ;
; Total logic elements               ; 2,558 / 114,480 ( 2 % )                         ;
;     Total combinational functions  ; 2,384 / 114,480 ( 2 % )                         ;
;     Dedicated logic registers      ; 1,501 / 114,480 ( 1 % )                         ;
; Total registers                    ; 1501                                            ;
; Total pins                         ; 99 / 529 ( 19 % )                               ;
; Total virtual pins                 ; 0                                               ;
; Total memory bits                  ; 65,536 / 3,981,312 ( 2 % )                      ;
; Embedded Multiplier 9-bit elements ; 0 / 532 ( 0 % )                                 ;
; Total PLLs                         ; 0 / 4 ( 0 % )                                   ;
+------------------------------------+-------------------------------------------------+


+-----------------------------------------+
; Flow Settings                           ;
+-------------------+---------------------+
; Option            ; Setting             ;
+-------------------+---------------------+
; Start date & time ; 05/04/2023 11:10:56 ;
; Main task         ; Compilation         ;
; Revision Name     ; toolflow            ;
+-------------------+---------------------+


+----------------------------------------------------------------------------------------------------------------------------+
; Flow Non-Default Global Settings                                                                                           ;
+-------------------------------------+----------------------------------------+---------------+----------------+------------+
; Assignment Name                     ; Value                                  ; Default Value ; Entity Name    ; Section Id ;
+-------------------------------------+----------------------------------------+---------------+----------------+------------+
; COMPILER_SIGNATURE_ID               ; 250951090847133.168321665622778        ; --            ; --             ; --         ;
; PARTITION_COLOR                     ; -- (Not supported for targeted family) ; --            ; MIPS_Processor ; Top        ;
; PARTITION_FITTER_PRESERVATION_LEVEL ; -- (Not supported for targeted family) ; --            ; MIPS_Processor ; Top        ;
; PARTITION_NETLIST_TYPE              ; -- (Not supported for targeted family) ; --            ; MIPS_Processor ; Top        ;
; PROJECT_OUTPUT_DIRECTORY            ; output_files                           ; --            ; --             ; --         ;
; TOP_LEVEL_ENTITY                    ; MIPS_Processor                         ; toolflow      ; --             ; --         ;
; VHDL_INPUT_VERSION                  ; VHDL_2008                              ; VHDL_1993     ; --             ; --         ;
+-------------------------------------+----------------------------------------+---------------+----------------+------------+


+--------------------------------------------------------------------------------------------------------------------------+
; Flow Elapsed Time                                                                                                        ;
+----------------------+--------------+-------------------------+---------------------+------------------------------------+
; Module Name          ; Elapsed Time ; Average Processors Used ; Peak Virtual Memory ; Total CPU Time (on all processors) ;
+----------------------+--------------+-------------------------+---------------------+------------------------------------+
; Analysis & Synthesis ; 00:00:09     ; 1.0                     ; 658 MB              ; 00:00:08                           ;
; Fitter               ; 00:00:12     ; 1.1                     ; 2005 MB             ; 00:00:22                           ;
; Assembler            ; 00:00:02     ; 1.0                     ; 512 MB              ; 00:00:02                           ;
; Timing Analyzer      ; 00:00:02     ; 1.4                     ; 850 MB              ; 00:00:02                           ;
; Total                ; 00:00:25     ; --                      ; --                  ; 00:00:34                           ;
+----------------------+--------------+-------------------------+---------------------+------------------------------------+


+------------------------------------------------------------------------------------------+
; Flow OS Summary                                                                          ;
+----------------------+---------------------------+---------+------------+----------------+
; Module Name          ; Machine Hostname          ; OS Name ; OS Version ; Processor type ;
+----------------------+---------------------------+---------+------------+----------------+
; Analysis & Synthesis ; co2050-02.ece.iastate.edu ; Red Hat ; Red Hat    ; x86_64         ;
; Fitter               ; co2050-02.ece.iastate.edu ; Red Hat ; Red Hat    ; x86_64         ;
; Assembler            ; co2050-02.ece.iastate.edu ; Red Hat ; Red Hat    ; x86_64         ;
; Timing Analyzer      ; co2050-02.ece.iastate.edu ; Red Hat ; Red Hat    ; x86_64         ;
+----------------------+---------------------------+---------+------------+----------------+


------------
; Flow Log ;
------------
quartus_map --read_settings_files=on --write_settings_files=off toolflow -c toolflow
quartus_fit --read_settings_files=on --write_settings_files=off toolflow -c toolflow
quartus_asm --read_settings_files=on --write_settings_files=off toolflow -c toolflow
quartus_sta --sdc=toolflow.sdc toolflow --do_report_timing



